
> smartpath-dashboard@0.0.0 build
> node tools/generate-llms.js || true && vite build

vite v4.5.14 building for production...
transforming...
✓ 1770 modules transformed.
rendering chunks...
computing gzip size...
dist/index.html                   4.20 kB │ gzip:   1.66 kB
dist/assets/index-8860a4ab.css   55.62 kB │ gzip:   9.45 kB
dist/assets/index-5eb0d2f9.js   673.45 kB │ gzip: 205.25 kB
✓ built in 8.57s
